// Vitest Snapshot v1, https://vitest.dev/guide/snapshot.html

exports[`<SessionHeader /> > renders a session header 1`] = `
<div>
  <header
    class="_header_28c6f4"
  >
    <a
      aria-current="page"
      class="_backButton_28c6f4 active"
      data-status="active"
      href="/"
    >
      <svg
        fill="currentColor"
        height="1em"
        viewBox="0 0 24 24"
        width="1em"
        xmlns="http://www.w3.org/2000/svg"
      >
        <path
          d="m13.3 17.3-4.6-4.6a.9.9 0 0 1-.213-.325A1.1 1.1 0 0 1 8.425 12q0-.2.062-.375A.9.9 0 0 1 8.7 11.3l4.6-4.6a.95.95 0 0 1 .7-.275q.425 0 .7.275a.95.95 0 0 1 .275.7.95.95 0 0 1-.275.7L10.8 12l3.9 3.9a.95.95 0 0 1 .275.7.95.95 0 0 1-.275.7.95.95 0 0 1-.7.275.95.95 0 0 1-.7-.275"
        />
      </svg>
    </a>
    <h3
      class="_typography_6v6n8_153 _font-heading-md-semibold_6v6n8_112"
    >
      Chrome on iOS
    </h3>
  </header>
</div>
`;
