// Vitest Snapshot v1, https://vitest.dev/guide/snapshot.html

exports[`<OAuth2ClientDetail> > renders client details 1`] = `
<div>
  <div
    class="flex flex-col gap-10"
  >
    <header
      class="flex flex-row gap-2 justify-start items-center"
    >
      <h3
        class="_typography_yh5dq_162 _font-heading-md-semibold_yh5dq_121"
      >
        Test Client
      </h3>
    </header>
    <section
      class="flex flex-col gap-6"
    >
      <h4
        class="_typography_yh5dq_162 _font-heading-sm-semibold_yh5dq_102"
      >
        Client info
        <div
          class="_separator_144s5_17"
          data-kind="section"
          data-orientation="horizontal"
          role="separator"
        />
      </h4>
      <ul
        class="flex flex-wrap gap-x-10 gap-y-6"
      >
        <li
          class="flex flex-col min-w-0"
        >
          <h5
            class="_typography_yh5dq_162 _font-body-sm-regular_yh5dq_40 text-secondary"
          >
            Name
          </h5>
          <p
            class="_typography_yh5dq_162 _font-body-md-regular_yh5dq_59 text-ellipsis overflow-hidden"
          >
            Test Client
          </p>
        </li>
        <li
          class="flex flex-col min-w-0"
        >
          <h5
            class="_typography_yh5dq_162 _font-body-sm-regular_yh5dq_40 text-secondary"
          >
            Terms of service
          </h5>
          <p
            class="_typography_yh5dq_162 _font-body-md-regular_yh5dq_59 text-ellipsis overflow-hidden"
          >
            <a
              class="_link_ue21z_17 _externalLink_a97355"
              data-kind="primary"
              data-size="medium"
              href="https://client.org/tos"
              rel="noreferrer noopener"
              target="_blank"
            >
              client.org/tos
            </a>
          </p>
        </li>
        <li
          class="flex flex-col min-w-0"
        >
          <h5
            class="_typography_yh5dq_162 _font-body-sm-regular_yh5dq_40 text-secondary"
          >
            Policy
          </h5>
          <p
            class="_typography_yh5dq_162 _font-body-md-regular_yh5dq_59 text-ellipsis overflow-hidden"
          >
            <a
              class="_link_ue21z_17 _externalLink_a97355"
              data-kind="primary"
              data-size="medium"
              href="https://client.org/policy"
              rel="noreferrer noopener"
              target="_blank"
            >
              client.org/policy
            </a>
          </p>
        </li>
      </ul>
    </section>
  </div>
</div>
`;
