---
source: crates/keystore/tests/keystore.rs
expression: "&*rsa.to_pem(LineEnding::LF).unwrap()"
---
-----BEGIN RSA PRIVATE KEY-----
MIIEpQIBAAKCAQEAyiR2hY43e0aMz4lhaQvnyjlbVhudk6KexRnJ35Cz5X/yifzl
r2Ui006UOKoWPJoUCFrwOXC+rGnPlzqYDtjOLKWWvMdNUyIwfGoovRxqRrcoAHKl
76Iuq9DFFSksI/aFmpwltVZaUbrsg6q8ptQ/E9uZfb7lTNoFBhjA3VUPhlWAQEvB
po78YlB8rD8z+OqAN92JeYM841c1r4W3+U9H7g9WuBO2FMedA0Zl1k2MEz50NcGU
Ue8YB1GcV8IsP2RiTKd8PwsjlM37xQ2j/l4MuU0zxXfWw35ukSjpQaOJcyU9FTLj
6f+reLH0gpVCq8N4qRNQsbEhDxaJNE+VnDYMewIDAQABAoIBACC/QXgnbvOInV0t
u1siM52+Jv7PIHr/WEtD/0E5lvsx/B/AmZENiFPFIhv/6fRNXbtwyAP2MN2LkrbE
JkgZdWUkOkRA4VT7b/Fn3Uuto8Xq/A7+g8VLd9YbzyG7dsworsI6U52J7L3a02AN
M9yu+70C0V3epBUMKM4xCmWQ1yACxim7NHzMa9tFzYPzZjQ7icDoY2Ku+Yh60HOc
HudGcw3T4QM4XYT4rubUnVA8iUWlFmqhSqJoaNXo5hZ4a5kmZJndTj9PsgZrweG/
nksx7HVrljwOEUhFAr5TeOxwzIPiOaFPrKMHz7gux6S1hg5av/EgZFHWcG69bSsp
Oqk0ockCgYEA7dviO07nt6S6komg5ScXqpfNcY7FmANN9P1Qc5XHQC3m3JKbYOhb
o4HCBveJVgYoPRPsg9NLMZjFcI9ioM4MAM3Kmw0qEiiETtu/AVCHExQmY7RbpF2C
nknhSdi8tkKwoJqy+VgWZ1JtcbcIxbZTjPNFP8YleZGIrpC/tTldXS0CgYEA2Y86
Ct0FRDesm/5Igz+jF66fjeuyVIWnrAijA4qVsanCaeqaVljOvdb7jdgv+xFxQwa8
tGSfPZcJ2CDaXvdKBBQSYdGmAk1Csx7AhEcqGTlSB8AunEqVxSeRIo77TB63E45c
YETiww1xrWnwMrIk/yv4nQ4arobjk0z3Gv4ZKUcCgYEAkiItc9Keei0ykyULPL4v
xBdPmRzmOOaO1p1q+BhlOgD5fTp1S6x14Jav5ifesINH5X6AKN1/rRD2/JibN8Bf
j37fozMLTeymnOxVBTG8SvRuQYNlai4pOaaaSwxlpHSEn6drndWIriHuK5cQRKgn
3Mj5Gp1aGL5ZAybbITQFMGECgYEAsIq+IeSainHXOrqMoxy3vtbwGJ1Dl7zhhAN6
LLx/nqzP210JornsAjb66G6e+NB9pVNJO+VPJw5yaZS3P0rSIB8dj40tdj61ul5h
ALYy3kcaXrm/2QnZISRrbKy0FV/zVgY2xdQAYyF8tqj5xlmzFfHbi67PTgKdl4Fk
H95EEq8CgYEAtnRVj6QTwewhyrohk7Um4hNDTztWsl/fp5nXLt6oMpdTpSNcZ8mN
BL9tkexGnVkFUFuLDFih5lR3vfWybgW5SYeqtPTN6H1WILg4/+hzz9Q7rocsD8IS
fvPh2AABTi/IG3o5LYYIhc2i6D+dgOIJIz9mSq8tEG19umGOcQrfC2w=
-----END RSA PRIVATE KEY-----
