---
source: crates/keystore/tests/keystore.rs
expression: "&*ec_p384.to_pem(LineEnding::LF).unwrap()"
---
-----BEGIN EC PRIVATE KEY-----
MIGkAgEBBDDSnZxO7HGescWZ8Lx5EnOSp/ep8AeJi5Phq3DGbqshMxDMIE89tQz5
bKFDIry98DCgBwYFK4EEACKhZANiAAQvXEB4cXKh8IOp3H7DGeBEMl7tpkROyGqh
bcdbCIZ55BookRp7GpfUldNOW/z/iLs5m8as3P6h+2GtvmxitErGxLe+ziBh4MCH
/FiUkahhEaRkZN3wZax5cquzSESgYns=
-----END EC PRIVATE KEY-----
