---
source: crates/keystore/tests/keystore.rs
expression: jwks
---
keys:
  - kty: RSA
    n: yiR2hY43e0aMz4lhaQvnyjlbVhudk6KexRnJ35Cz5X_yifzlr2Ui006UOKoWPJoUCFrwOXC-rGnPlzqYDtjOLKWWvMdNUyIwfGoovRxqRrcoAHKl76Iuq9DFFSksI_aFmpwltVZaUbrsg6q8ptQ_E9uZfb7lTNoFBhjA3VUPhlWAQEvBpo78YlB8rD8z-OqAN92JeYM841c1r4W3-U9H7g9WuBO2FMedA0Zl1k2MEz50NcGUUe8YB1GcV8IsP2RiTKd8PwsjlM37xQ2j_l4MuU0zxXfWw35ukSjpQaOJcyU9FTLj6f-reLH0gpVCq8N4qRNQsbEhDxaJNE-VnDYMew
    e: AQAB
  - kty: EC
    crv: P-256
    x: xoXwK0I-5KIXMQcact2A5BTX8T8UDH5zHCBL7hKxO6w
    y: uvZAJ9jSD_VWYAoXpqtW2l_v-HmTIGG7BY42cQnqYxc
  - kty: EC
    crv: P-384
    x: L1xAeHFyofCDqdx-wxngRDJe7aZETshqoW3HWwiGeeQaKJEaexqX1JXTTlv8_4i7
    y: OZvGrNz-ofthrb5sYrRKxsS3vs4gYeDAh_xYlJGoYRGkZGTd8GWseXKrs0hEoGJ7
  - kty: EC
    crv: secp256k1
    x: ljNWxpBfmKyeamlQsZHUq7Npp3a7NwI4tVTtZi10UvY
    y: UnHHPC3jqCaBVip3orp8Xz831oUEB_woVirQAMq3ZuU
