---
source: crates/keystore/tests/keystore.rs
expression: "&*ec_p256.to_pem(LineEnding::LF).unwrap()"
---
-----BEGIN EC PRIVATE KEY-----
MHcCAQEEILI2J4kLaLQCw/EUtQupK0g4Hd5K2rpL7DPf8JxJR8sXoAoGCCqGSM49
AwEHoUQDQgAExoXwK0I+5KIXMQcact2A5BTX8T8UDH5zHCBL7hKxO6y69kAn2NIP
9VZgChemq1baX+/4eZMgYbsFjjZxCepjFw==
-----END EC PRIVATE KEY-----
