---
source: crates/keystore/tests/keystore.rs
expression: token.as_str()
---
eyJhbGciOiJSUzUxMiJ9.IiI.AwxfqjEihH6xYO8xNF24sg5cO8z2bS50V-27YQEViePcRlaqPZHXn6h45YxFXbElrXgKtM97y0KXa8Rr5TrfyH8VXB1OzHNyQ76cZ4zbfYveMZhBh7pGiHVMEPQ0ZErobZXyk9Rxe-HxK1zi9qmmJZLHsQLEFh5zDkTg5dgpEJcklxmCTCT0RLDcilsNdaL7XkTMyjmMck25xciteEy3mpGXppRuDQwsN4ywfNp9VDBC5NjxBYF39D7hkvybOF5eKeaXVo2zw9OmJ4wNg_KgQdNAf-y8wgU71ydo5FHa8d9--HZFTn9ifxZYOCXd34k5vKyScdaXTLUtGFlt0zjDxA
