---
source: crates/keystore/tests/keystore.rs
expression: "&*ec_k256.to_pem(LineEnding::LF).unwrap()"
---
-----BEGIN EC PRIVATE KEY-----
MHQCAQEEILWCa5ChwVAT7+XP9fGxVPzVBEE9SiFmzQrUYujA+qxPoAcGBSuBBAAK
oUQDQgAEljNWxpBfmKyeamlQsZHUq7Npp3a7NwI4tVTtZi10UvZSccc8LeOoJoFW
KneiunxfPzfWhQQH/ChWKtAAyrdm5Q==
-----END EC PRIVATE KEY-----
