---
source: crates/keystore/tests/keystore.rs
expression: token.as_str()
---
eyJhbGciOiJQUzM4NCJ9.IiI.rDDCp3s3RQQGM0MVSclGp9Rv4Ngc87cF7z5NY8g-Mp60D_PcRoJ0M1mBmLR_O1s1kheNyyFiQvZY-N1vM2hXPXBLdzCmMjog69W9iWRyzAh4BTFO9DKoYw1ERZXN13UDQ0RdM_TQlDGo_Prk6LOn15E4Xz6uBbaum7YaHN99T5Ilj12OvDQ8bkUqEk9wgMPVWOdP-iEsdpFd2M3poE-VYLV6qIQ9B2jWOq56_wAS2cB-rCMJsL-4Ev_SrZAVjnc73GIvB75Sx5I9NexdGWzJh9wyJWw60J9cl178Ny2jVSHg-m8x2u8do8I0ObO0-27-cbcrVfn10hIjJpSNpNB1hg
