---
source: crates/keystore/tests/keystore.rs
expression: token.as_str()
---
eyJhbGciOiJSUzM4NCJ9.IiI.KXWxSvxoLuCwtpP-N0fCAFho6zFI44P-42ALMx70vQiM9C_MKbLGpmSET_-GJIQ-fjxJ8jpFmVQjfKuhzHpJZP6JVTHVFg34Z0KOKYM45QqLPooXOf7c9O46DczFoJC0mGuMAWsAtEvgvFgRYHe8KgPg_HBczcHZ71uYDLyz5BINqG_TaDRQBT5vNoPKrnP526CJrHHNT-h2XJumhOjC1XVDj8lj1hlWk63xepZ7fybhLIDAKuEgjfTLBkAaJ1V2hz46uD7g_vvGXGEiBDW93_zWKoTs9ZDrBt-kL82GGay3zLTRHFRORah4hI4GbnJHgy22Dj-RhTJm3deTejkSjg
