---
source: crates/keystore/tests/keystore.rs
expression: token.as_str()
---
eyJhbGciOiJQUzUxMiJ9.IiI.H-pMk9Ig2jCvM2eJnmclfN4V4fwQZO8kQKilXfNxJC2R-q1QbRv0iK6OU5uJk6zO03jc9s86GwHg_hkoT68oszC--ca83hSOQ3KAzF5YukrRuQbskbz3SZAvdjXNAd29JlGAAGc0tl86ghBrNkLLkhEDKAlHGMZqZXSUmAMecCgpu9IN6vXOdaqDOdyYR7BRmEm8sSnAvYVwxDCSdSYq7Yn0Dc3c5SlzjgF0UEEihy9dGmBVDVcMC3II9DOdSBghEyokjWXVSr423nosOd_XWO_TqcTjLo4evdwmNIhgyj1KtQ8YQfrMLisxk8570NSQSEzzRRk1st9zOS3zPlbY2A
