---
source: crates/keystore/tests/keystore.rs
expression: token.as_str()
---
eyJhbGciOiJSUzI1NiJ9.IiI.gq_hQ6VcQNMVmKlQltK5pS_Yu8PoTCFoWHqQVj1VymYymuKJ9GSgPDxgtkPQVotB985ZaNCuLjoXA4x-xVgMTroSdTQiupBDPpzhZhOuHPgKFQzmC8aBkWxAF_xxLBlZOMwiSly6k_0afE5GgY1SnHu9I57TkGLwHQnTOvL-ED7LvkZxTefxxsDMjgZjboNEPEjbkHl859we5_nKMeL_8jUAhijvaksWZK8pNQdeqg9V9ZNHOgtUG1pPwlSYMjrOTk_a1y6yXAihvuZCwbCCiuquiPi1oWI9Nfv5YGeT8SjSDHAYYJTRyaNOo62fwFC-BuYjVDBdl3uZtO-Ys2g8CA
