---
source: crates/keystore/tests/keystore.rs
expression: token.as_str()
---
eyJhbGciOiJQUzI1NiJ9.IiI.cG5_Q1ghrgjQ8gr8Zv7QJB0c-zK3kcoJ1uCn20BdI-1c8ixqpCHIq4xa-m04E84H5lN8jpWzbEl0XAf1c56n2DBGG8SgK9K5UgwajNEEiOzUXu7pXHq-6flPJ6KXK0NeSDtLFxNEfEzKkgJflMMHOXpBfkYKCvgmQlPHkcVO19id1_Yeq5L-POyeTjxlma2WyUliBzHOx2UXnu7wkj_K0a-sfRXhqV64bN-ywpC90x_enTer1Dur3PHDZnlmw5TGrxkg2Mpm_3gcrYv4SFAEE7QA1R9WFFDQt21c5kr-v9TMDg8LSRTGk7pGcMkgoREsywIoK3qZYzMmYs0mmG1ApA
